// Jest Snapshot v1, https://goo.gl/fbAQLP

exports[`Movielist tests Movielist should render several moviecards 1`] = `
<div
  className="catalog__movies-list"
>
  <article
    className="small-movie-card catalog__movies-card"
  >
    <div
      className="small-movie-card__image"
      onMouseOut={[Function]}
      onMouseOver={[Function]}
    >
      <img
        alt="Joker poster"
        height="175"
        src="img/joker.jpg"
        width="280"
      />
    </div>
    <h3
      className="small-movie-card__title"
    >
      <a
        className="small-movie-card__link"
        href=""
        onClick={[Function]}
      >
        Joker
      </a>
    </h3>
  </article>
  <article
    className="small-movie-card catalog__movies-card"
  >
    <div
      className="small-movie-card__image"
      onMouseOut={[Function]}
      onMouseOver={[Function]}
    >
      <img
        alt="The Commuter poster"
        height="175"
        src="img/commuter.jpg"
        width="280"
      />
    </div>
    <h3
      className="small-movie-card__title"
    >
      <a
        className="small-movie-card__link"
        href=""
        onClick={[Function]}
      >
        The Commuter
      </a>
    </h3>
  </article>
  <article
    className="small-movie-card catalog__movies-card"
  >
    <div
      className="small-movie-card__image"
      onMouseOut={[Function]}
      onMouseOver={[Function]}
    >
      <img
        alt="Molly game poster"
        height="175"
        src="img/mollys-game.jpg"
        width="280"
      />
    </div>
    <h3
      className="small-movie-card__title"
    >
      <a
        className="small-movie-card__link"
        href=""
        onClick={[Function]}
      >
        Molly's Game
      </a>
    </h3>
  </article>
</div>
`;
