// Jest Snapshot v1, https://goo.gl/fbAQLP

exports[`Moviecard tests Moviecard should render poster 1`] = `
<article
  className="small-movie-card catalog__movies-card"
>
  <div
    className="small-movie-card__image"
    id="1"
    onClick={[MockFunction]}
    onMouseOut={[MockFunction]}
    onMouseOver={[MockFunction]}
  >
    <img
      alt="Joker poster"
      height="175"
      src="img/joker.jpg"
      width="280"
    />
  </div>
  <h3
    className="small-movie-card__title"
  >
    <a
      className="small-movie-card__link"
      href=""
      onClick={[MockFunction]}
    >
      Joker
    </a>
  </h3>
</article>
`;
