// Jest Snapshot v1, https://goo.gl/fbAQLP

exports[`Moviecard tests Moviecard should render poster 1`] = `
<article
  className="small-movie-card catalog__movies-card"
>
  <div
    className="small-movie-card__image"
    id="1"
    onClick={[Function]}
    onMouseOut={[Function]}
    onMouseOver={[Function]}
  >
    <a
      href=""
      onClick={[Function]}
    >
      <img
        alt="Joker poster"
        height="175"
        src="img/joker.jpg"
        width="280"
      />
    </a>
  </div>
  <h3
    className="small-movie-card__title"
  >
    <a
      className="small-movie-card__link"
      href=""
      onClick={[Function]}
    >
      Joker
    </a>
  </h3>
</article>
`;
